[2026-10-07T13:21:56.334Z] GET /read-file 200 (34 ms)
[2026-10-07T13:21:56.961Z] GET /read-file 200 (2 ms)
[2026-10-07T13:22:10.470Z] POST /read-file 404 (1 ms)
[2026-10-07T13:22:11.323Z] POST /read-file 404 (0 ms)
[2026-10-07T13:22:17.777Z] POST /write-file 200 (2 ms)
[2026-10-07T13:28:25.086Z] GET /read-file 200 (1 ms)
[2026-10-07T13:28:25.088Z] GET /read-file 200 (3 ms)
[2026-10-07T13:28:25.089Z] GET /read-file 200 (4 ms)
[2026-10-07T13:28:25.090Z] GET /read-file 200 (5 ms)
[2026-10-07T13:28:25.091Z] GET /read-file 200 (4 ms)
[2026-10-07T13:28:25.091Z] GET /read-file 200 (4 ms)
[2026-10-07T13:28:25.092Z] GET /read-file 200 (5 ms)
[2026-10-07T13:28:25.093Z] GET /read-file 200 (6 ms)
[2026-10-07T13:28:25.094Z] GET /read-file 200 (7 ms)
[2026-10-07T13:28:25.094Z] GET /read-file 200 (6 ms)
[2026-10-07T14:05:49.048Z] POST /write-file 200 (7 ms)
[2026-10-07T14:07:04.368Z] POST /write-file 200 (17 ms)
[2026-10-07T14:07:05.400Z] POST /write-file 200 (2 ms)
[2026-10-07T14:07:06.457Z] POST /write-file 200 (1 ms)
[2026-10-07T14:07:15.665Z] POST /write-file 200 (17 ms)
[2026-10-07T14:07:16.963Z] POST /write-file 200 (23 ms)
[2026-10-07T14:07:33.218Z] POST /read-file 404 (1 ms)
[2026-10-07T14:08:13.769Z] GET /read-file 500 (18 ms)
[2026-10-07T14:09:49.059Z] GET /read-file 200 (19 ms)
[2026-10-07T14:09:57.180Z] POST /read-file 404 (1 ms)
[2026-10-07T14:10:00.506Z] POST /write-file 400 (1 ms)
[2026-10-07T14:10:24.140Z] POST /write-file 400 (0 ms)
[2026-10-07T14:10:44.130Z] POST /write-file 400 (1 ms)
[2026-10-07T14:10:48.025Z] POST /write-file 400 (0 ms)
[2026-10-07T14:10:55.847Z] POST /write-file 400 (1 ms)
[2026-10-07T14:11:42.592Z] POST /write-file 400 (1 ms)
[2026-10-07T14:11:51.786Z] POST /write-fi 400 (1 ms)
[2026-10-07T14:11:53.908Z] POST /write-fi 400 (2 ms)
[2026-10-07T14:11:56.867Z] GET /write-fi 400 (1 ms)
[2026-10-07T14:12:00.699Z] GET /write-fi 404 (1 ms)
[2026-10-07T14:12:05.442Z] GET /write-test 404 (1 ms)
[2026-10-07T14:13:47.985Z] GET /read-file 200 (8 ms)
[2026-10-07T14:13:47.986Z] GET /read-file 200 (7 ms)
[2026-10-07T14:13:47.988Z] GET /read-file 200 (9 ms)
[2026-10-07T14:13:47.987Z] GET /read-file 200 (8 ms)
[2026-10-07T14:13:47.989Z] GET /read-file 200 (10 ms)
[2026-10-07T14:13:47.990Z] GET /read-file 200 (10 ms)
[2026-10-07T14:13:47.990Z] GET /read-file 200 (10 ms)
[2026-10-07T14:13:47.987Z] GET /read-file 200 (7 ms)
[2026-10-07T14:13:47.991Z] GET /read-file 200 (11 ms)
[2026-10-07T14:13:47.991Z] GET /read-file 200 (11 ms)
[2026-10-07T14:13:58.272Z] GET /read-file 200 (0 ms)
[2026-10-07T14:13:58.273Z] GET /read-file 200 (1 ms)
[2026-10-07T14:13:58.274Z] GET /read-file 200 (1 ms)
[2026-10-07T14:13:58.274Z] GET /read-file 200 (1 ms)
[2026-10-07T14:13:58.275Z] GET /read-file 200 (2 ms)
[2026-10-07T14:13:58.275Z] GET /read-file 200 (2 ms)
[2026-10-07T14:13:58.276Z] GET /read-file 200 (2 ms)
[2026-10-07T14:13:58.277Z] GET /read-file 200 (3 ms)
[2026-10-07T14:13:58.277Z] GET /read-file 200 (2 ms)
[2026-10-07T14:13:58.278Z] GET /read-file 200 (2 ms)
[2026-10-07T14:13:59.866Z] GET /read-file 200 (0 ms)
[2026-10-07T14:13:59.867Z] GET /read-file 200 (1 ms)
[2026-10-07T14:13:59.868Z] GET /read-file 200 (1 ms)
[2026-10-07T14:13:59.868Z] GET /read-file 200 (1 ms)
[2026-10-07T14:13:59.869Z] GET /read-file 200 (2 ms)
[2026-10-07T14:13:59.869Z] GET /read-file 200 (1 ms)
[2026-10-07T14:13:59.870Z] GET /read-file 200 (2 ms)
[2026-10-07T14:13:59.870Z] GET /read-file 200 (2 ms)
[2026-10-07T14:13:59.870Z] GET /read-file 200 (2 ms)
[2026-10-07T14:13:59.871Z] GET /read-file 200 (2 ms)
[2026-10-07T14:14:01.476Z] GET /read-file 200 (1 ms)
[2026-10-07T14:14:01.477Z] GET /read-file 200 (1 ms)
[2026-10-07T14:14:01.477Z] GET /read-file 200 (1 ms)
[2026-10-07T14:14:01.477Z] GET /read-file 200 (1 ms)
[2026-10-07T14:14:01.478Z] GET /read-file 200 (2 ms)
[2026-10-07T14:14:01.479Z] GET /read-file 200 (3 ms)
[2026-10-07T14:14:01.480Z] GET /read-file 200 (2 ms)
[2026-10-07T14:14:01.480Z] GET /read-file 200 (2 ms)
[2026-10-07T14:14:01.481Z] GET /read-file 200 (3 ms)
[2026-10-07T14:14:01.481Z] GET /read-file 200 (2 ms)
[2026-10-07T14:14:24.560Z] GET /write-test 404 (12 ms)
[2026-10-07T14:16:02.080Z] GET /read-file 200 (1 ms)
[2026-10-07T14:16:02.081Z] GET /read-file 200 (1 ms)
[2026-10-07T14:16:02.081Z] GET /read-file 200 (1 ms)
[2026-10-07T14:16:02.082Z] GET /read-file 200 (2 ms)
[2026-10-07T14:16:02.083Z] GET /read-file 200 (2 ms)
[2026-10-07T14:16:02.083Z] GET /read-file 200 (2 ms)
[2026-10-07T14:16:02.084Z] GET /read-file 200 (2 ms)
[2026-10-07T14:16:02.085Z] GET /read-file 200 (3 ms)
[2026-10-07T14:16:02.085Z] GET /read-file 200 (2 ms)
[2026-10-07T14:16:02.085Z] GET /read-file 200 (2 ms)
[2026-10-07T14:16:50.034Z] GET /read-file 200 (1 ms)
[2026-10-07T14:16:50.035Z] GET /read-file 200 (1 ms)
[2026-10-07T14:16:50.035Z] GET /read-file 200 (1 ms)
[2026-10-07T14:16:50.035Z] GET /read-file 200 (1 ms)
[2026-10-07T14:16:50.036Z] GET /read-file 200 (2 ms)
[2026-10-07T14:16:50.037Z] GET /read-file 200 (1 ms)
[2026-10-07T14:16:50.037Z] GET /read-file 200 (1 ms)
[2026-10-07T14:16:50.037Z] GET /read-file 200 (1 ms)
[2026-10-07T14:16:50.038Z] GET /read-file 200 (2 ms)
[2026-10-07T14:16:50.038Z] GET /read-file 200 (2 ms)
